shortNames: {
  "java.util.List": "List",
}

memberShortNames: {
  "javax.lang.model.SourceVersion.RELEASE_21": "RELEASE_21"
}
