shortNames: {
  "name.one.OneDepthClass$NonStaticClass": "NonStaticClass",
  "name.one.OneDepthClass$StaticClass": "StaticClass"
}
