shortNames: {
  "name.one.OneDepthClass$NonStaticClass": "NonStaticClass"
}

memberShortNames: {
  "name.one.OneDepthClass.StaticClass": "StaticClass"
}
