shortNames: {
  "name.one.OneDepthClass$NonStaticClass": "name.one.OneDepthClass.NonStaticClass",
  "name.one.OneDepthClass$StaticClass": "StaticClass"
}
