memberShortNames: {
  "name.one:OneDepthClass.StaticClass": "StaticClass",
  "name.one:OneDepthClass.StaticClass.Inner.Inner2": "StaticClass.Inner.Inner2",
  "name.one:OneDepthClass.StaticClass2.Inner": "Inner",
  "name.one:OneDepthClass.StaticClass2.Inner.Inner2": "Inner.Inner2"
}
