shortNames: {
  "name.one.OneDepthClass$NonStaticClass": "NonStaticClass",
  "name.one.OneDepthClass$NonStaticClass$Inner": "NonStaticClass.Inner",
  "name.one.OneDepthClass$NonStaticClass2": "OneDepthClass.NonStaticClass2"
}
