shortNames: {
  "name.SelfInnerClass$A": "A",
  "name.SelfInnerClass$A$B": "A.B",
  "name.SelfInnerClass$A$B$C": "A.B.C",
}
