imports:
  single:
    - "java.util.List"
    - "java.util.random.RandomGenerator.JumpableGenerator"

staticImports:
  single:
    - "javax.lang.model.SourceVersion.RELEASE_21"
  global:
    - "javax.lang.model.SourceVersion"
