imports:
  single:
    - "java.util.List"

staticImports:
  global:
    - "javax.lang.model.SourceVersion"
