imports:
  single:
    - "imports.UnicodeImportType.ÉàAΩType"

staticImports:
  single:
    - "imports.UnicodeImportType.ÉàAΩType"
